ProTAS DEBUG START (Tue 24 Mar 2026 09:35:45 AM UTC)
Host: debug00
Partition: debug | Account: thesis
CPUs: 4 | Mem: 4G | Time: 20min
Working dir: /home/gdovidio/storage/ProTAS_Dovid308
Conda: protas_new            *  /home/gdovidio/.conda/envs/protas_new | Python: Python 3.10.20
1. Unzipping dataset...
Dataset unzipped: 707M
2. Building graph & progress...
Finished writing graph for gtea in data/gtea/graph
Finished writing progress values for gtea in data/gtea/progress
3. Training 5 epochs (CPU)...
protas_debug 26.96 16.57 12.98 16.87 7.23 1.20
SUMMARY:
total 12028
drwxr-xr-x 2 gdovidio users    4096 Mar 24 08:20 .
drwxr-xr-x 3 gdovidio users    4096 Mar 24 08:15 ..
-rw-r--r-- 1 gdovidio users     226 Mar 24 08:15 2026-03-24_09-32-17.log
-rw-r--r-- 1 gdovidio users     881 Mar 24 08:20 2026-03-24_09-35-53.log
-rw-r--r-- 1 gdovidio users 4091707 Mar 24 08:20 epoch-5.model
-rw-r--r-- 1 gdovidio users 8206707 Mar 24 08:20 epoch-5.opt
Disk usage: 722M
End: Tue 24 Mar 2026 09:37:43 AM UTC
DEBUG COMPLETE!
