2026-03-31 12:27:45,204 - INFO - Namespace(action='train', exp_id='egoper-mstcn-causal-graph', backbone='mstcn', causal=True, dataset='EgoPER_action_segmentation/oatmeal', split='1', batch_size=4, num_epochs=70, lr=0.0005, progress_lw=1.0, learnable_graph=True, graph=True, graph_lw=0.1)
2026-03-31 12:27:45,683 - INFO - Backbone: mstcn | Parametri totali: 901,968 | Trainabili: 901,680
2026-03-31 12:28:09,494 - INFO -   --> New best model saved: best.model  (train acc=0.2758, epoch=1)
2026-03-31 12:28:09,495 - INFO - [epoch 1]: epoch loss = 2.451527, progress loss = 0.068684, graph loss = 0.001824, acc = 0.275803
2026-03-31 12:28:19,112 - INFO -   --> New best model saved: best.model  (train acc=0.3939, epoch=2)
2026-03-31 12:28:19,113 - INFO - [epoch 2]: epoch loss = 2.165054, progress loss = 0.050993, graph loss = 0.001714, acc = 0.393943
2026-03-31 12:28:25,242 - INFO - [epoch 3]: epoch loss = 2.000757, progress loss = 0.039225, graph loss = 0.001544, acc = 0.393943
2026-03-31 12:28:31,709 - INFO - [epoch 4]: epoch loss = 1.853083, progress loss = 0.041370, graph loss = 0.001454, acc = 0.393943
2026-03-31 12:28:36,874 - INFO - [epoch 5]: epoch loss = 1.689200, progress loss = 0.042096, graph loss = 0.001403, acc = 0.393943
2026-03-31 12:28:44,318 - INFO -   --> New best model saved: best.model  (train acc=0.4016, epoch=6)
2026-03-31 12:28:44,319 - INFO - [epoch 6]: epoch loss = 1.524053, progress loss = 0.042975, graph loss = 0.001283, acc = 0.401560
2026-03-31 12:28:50,914 - INFO -   --> New best model saved: best.model  (train acc=0.5169, epoch=7)
2026-03-31 12:28:50,915 - INFO - [epoch 7]: epoch loss = 1.393774, progress loss = 0.048020, graph loss = 0.001195, acc = 0.516875
2026-03-31 12:28:57,338 - INFO -   --> New best model saved: best.model  (train acc=0.6024, epoch=8)
2026-03-31 12:28:57,340 - INFO - [epoch 8]: epoch loss = 1.264498, progress loss = 0.048292, graph loss = 0.001131, acc = 0.602445
2026-03-31 12:29:04,981 - INFO -   --> New best model saved: best.model  (train acc=0.6254, epoch=9)
2026-03-31 12:29:04,982 - INFO - [epoch 9]: epoch loss = 1.163904, progress loss = 0.043236, graph loss = 0.000792, acc = 0.625358
2026-03-31 12:29:13,392 - INFO -   --> New best model saved: best.model  (train acc=0.6341, epoch=10)
2026-03-31 12:29:13,393 - INFO - [epoch 10]: epoch loss = 1.087606, progress loss = 0.036176, graph loss = 0.000678, acc = 0.634068
2026-03-31 12:29:19,285 - INFO -   --> New best model saved: best.model  (train acc=0.6456, epoch=11)
2026-03-31 12:29:19,287 - INFO - [epoch 11]: epoch loss = 1.035914, progress loss = 0.031476, graph loss = 0.000617, acc = 0.645629
2026-03-31 12:29:26,077 - INFO -   --> New best model saved: best.model  (train acc=0.6545, epoch=12)
2026-03-31 12:29:26,078 - INFO - [epoch 12]: epoch loss = 0.991183, progress loss = 0.027994, graph loss = 0.000449, acc = 0.654451
2026-03-31 12:29:30,436 - INFO -   --> New best model saved: best.model  (train acc=0.6704, epoch=13)
2026-03-31 12:29:30,437 - INFO - [epoch 13]: epoch loss = 0.943330, progress loss = 0.026123, graph loss = 0.000309, acc = 0.670385
2026-03-31 12:29:38,144 - INFO -   --> New best model saved: best.model  (train acc=0.6811, epoch=14)
2026-03-31 12:29:38,145 - INFO - [epoch 14]: epoch loss = 0.909720, progress loss = 0.024933, graph loss = 0.000113, acc = 0.681147
2026-03-31 12:29:46,663 - INFO -   --> New best model saved: best.model  (train acc=0.6955, epoch=15)
2026-03-31 12:29:46,664 - INFO - [epoch 15]: epoch loss = 0.883056, progress loss = 0.023890, graph loss = -0.000057, acc = 0.695510
2026-03-31 12:29:54,766 - INFO -   --> New best model saved: best.model  (train acc=0.7142, epoch=16)
2026-03-31 12:29:54,767 - INFO - [epoch 16]: epoch loss = 0.841225, progress loss = 0.023256, graph loss = -0.000255, acc = 0.714245
2026-03-31 12:30:03,571 - INFO -   --> New best model saved: best.model  (train acc=0.7268, epoch=17)
2026-03-31 12:30:03,572 - INFO - [epoch 17]: epoch loss = 0.819443, progress loss = 0.022549, graph loss = -0.000445, acc = 0.726814
2026-03-31 12:30:11,183 - INFO -   --> New best model saved: best.model  (train acc=0.7384, epoch=18)
2026-03-31 12:30:11,185 - INFO - [epoch 18]: epoch loss = 0.802160, progress loss = 0.022179, graph loss = -0.000536, acc = 0.738387
2026-03-31 12:30:17,459 - INFO -   --> New best model saved: best.model  (train acc=0.7489, epoch=19)
2026-03-31 12:30:17,460 - INFO - [epoch 19]: epoch loss = 0.776830, progress loss = 0.021393, graph loss = -0.000704, acc = 0.748867
2026-03-31 12:30:22,137 - INFO -   --> New best model saved: best.model  (train acc=0.7558, epoch=20)
2026-03-31 12:30:22,138 - INFO - [epoch 20]: epoch loss = 0.762105, progress loss = 0.020341, graph loss = -0.000813, acc = 0.755771
2026-03-31 12:30:29,030 - INFO - [epoch 21]: epoch loss = 0.747827, progress loss = 0.019942, graph loss = -0.000959, acc = 0.751115
2026-03-31 12:30:34,723 - INFO -   --> New best model saved: best.model  (train acc=0.7642, epoch=22)
2026-03-31 12:30:34,724 - INFO - [epoch 22]: epoch loss = 0.738198, progress loss = 0.019532, graph loss = -0.001072, acc = 0.764187
2026-03-31 12:30:38,530 - INFO -   --> New best model saved: best.model  (train acc=0.7744, epoch=23)
2026-03-31 12:30:38,531 - INFO - [epoch 23]: epoch loss = 0.712337, progress loss = 0.018683, graph loss = -0.001254, acc = 0.774433
2026-03-31 12:30:43,615 - INFO -   --> New best model saved: best.model  (train acc=0.7752, epoch=24)
2026-03-31 12:30:43,616 - INFO - [epoch 24]: epoch loss = 0.696806, progress loss = 0.018217, graph loss = -0.001343, acc = 0.775195
2026-03-31 12:30:50,269 - INFO -   --> New best model saved: best.model  (train acc=0.7820, epoch=25)
2026-03-31 12:30:50,270 - INFO - [epoch 25]: epoch loss = 0.675497, progress loss = 0.017765, graph loss = -0.001507, acc = 0.782038
2026-03-31 12:30:55,398 - INFO -   --> New best model saved: best.model  (train acc=0.7902, epoch=26)
2026-03-31 12:30:55,399 - INFO - [epoch 26]: epoch loss = 0.665048, progress loss = 0.017851, graph loss = -0.001648, acc = 0.790221
2026-03-31 12:30:59,329 - INFO -   --> New best model saved: best.model  (train acc=0.7970, epoch=27)
2026-03-31 12:30:59,330 - INFO - [epoch 27]: epoch loss = 0.641459, progress loss = 0.017150, graph loss = -0.001763, acc = 0.797039
2026-03-31 12:31:03,074 - INFO -   --> New best model saved: best.model  (train acc=0.8022, epoch=28)
2026-03-31 12:31:03,075 - INFO - [epoch 28]: epoch loss = 0.632489, progress loss = 0.017428, graph loss = -0.001937, acc = 0.802224
2026-03-31 12:31:06,111 - INFO -   --> New best model saved: best.model  (train acc=0.8056, epoch=29)
2026-03-31 12:31:06,112 - INFO - [epoch 29]: epoch loss = 0.615400, progress loss = 0.016916, graph loss = -0.002046, acc = 0.805553
2026-03-31 12:31:09,728 - INFO -   --> New best model saved: best.model  (train acc=0.8144, epoch=30)
2026-03-31 12:31:09,729 - INFO - [epoch 30]: epoch loss = 0.600563, progress loss = 0.016519, graph loss = -0.002171, acc = 0.814374
2026-03-31 12:31:13,302 - INFO -   --> New best model saved: best.model  (train acc=0.8174, epoch=31)
2026-03-31 12:31:13,303 - INFO - [epoch 31]: epoch loss = 0.586672, progress loss = 0.016550, graph loss = -0.002275, acc = 0.817434
2026-03-31 12:31:16,310 - INFO -   --> New best model saved: best.model  (train acc=0.8211, epoch=32)
2026-03-31 12:31:16,311 - INFO - [epoch 32]: epoch loss = 0.576935, progress loss = 0.016602, graph loss = -0.002440, acc = 0.821095
2026-03-31 12:31:19,714 - INFO -   --> New best model saved: best.model  (train acc=0.8229, epoch=33)
2026-03-31 12:31:19,715 - INFO - [epoch 33]: epoch loss = 0.566916, progress loss = 0.016291, graph loss = -0.002548, acc = 0.822852
2026-03-31 12:31:23,096 - INFO - [epoch 34]: epoch loss = 0.592446, progress loss = 0.017161, graph loss = -0.002660, acc = 0.814767
2026-03-31 12:31:26,367 - INFO - [epoch 35]: epoch loss = 0.590181, progress loss = 0.016899, graph loss = -0.002801, acc = 0.821574
2026-03-31 12:31:29,943 - INFO -   --> New best model saved: best.model  (train acc=0.8330, epoch=36)
2026-03-31 12:31:29,944 - INFO - [epoch 36]: epoch loss = 0.577017, progress loss = 0.017201, graph loss = -0.002884, acc = 0.832975
2026-03-31 12:31:33,072 - INFO -   --> New best model saved: best.model  (train acc=0.8480, epoch=37)
2026-03-31 12:31:33,073 - INFO - [epoch 37]: epoch loss = 0.544784, progress loss = 0.017459, graph loss = -0.003033, acc = 0.848037
2026-03-31 12:31:36,211 - INFO -   --> New best model saved: best.model  (train acc=0.8653, epoch=38)
2026-03-31 12:31:36,214 - INFO - [epoch 38]: epoch loss = 0.510609, progress loss = 0.016945, graph loss = -0.003202, acc = 0.865323
2026-03-31 12:31:39,662 - INFO -   --> New best model saved: best.model  (train acc=0.8744, epoch=39)
2026-03-31 12:31:39,663 - INFO - [epoch 39]: epoch loss = 0.499206, progress loss = 0.016198, graph loss = -0.003328, acc = 0.874378
2026-03-31 12:31:43,116 - INFO -   --> New best model saved: best.model  (train acc=0.8839, epoch=40)
2026-03-31 12:31:43,117 - INFO - [epoch 40]: epoch loss = 0.486706, progress loss = 0.015757, graph loss = -0.003441, acc = 0.883875
2026-03-31 12:31:46,374 - INFO -   --> New best model saved: best.model  (train acc=0.8878, epoch=41)
2026-03-31 12:31:46,376 - INFO - [epoch 41]: epoch loss = 0.476061, progress loss = 0.015718, graph loss = -0.003596, acc = 0.887757
2026-03-31 12:31:51,975 - INFO -   --> New best model saved: best.model  (train acc=0.8945, epoch=42)
2026-03-31 12:31:51,976 - INFO - [epoch 42]: epoch loss = 0.451718, progress loss = 0.014714, graph loss = -0.003711, acc = 0.894453
2026-03-31 12:31:56,228 - INFO -   --> New best model saved: best.model  (train acc=0.9043, epoch=43)
2026-03-31 12:31:56,229 - INFO - [epoch 43]: epoch loss = 0.442383, progress loss = 0.014487, graph loss = -0.003840, acc = 0.904306
2026-03-31 12:32:00,118 - INFO -   --> New best model saved: best.model  (train acc=0.9075, epoch=44)
2026-03-31 12:32:00,119 - INFO - [epoch 44]: epoch loss = 0.438628, progress loss = 0.014372, graph loss = -0.003982, acc = 0.907500
2026-03-31 12:32:03,822 - INFO -   --> New best model saved: best.model  (train acc=0.9112, epoch=45)
2026-03-31 12:32:03,823 - INFO - [epoch 45]: epoch loss = 0.430450, progress loss = 0.013917, graph loss = -0.004120, acc = 0.911186
2026-03-31 12:32:07,350 - INFO -   --> New best model saved: best.model  (train acc=0.9171, epoch=46)
2026-03-31 12:32:07,351 - INFO - [epoch 46]: epoch loss = 0.414375, progress loss = 0.013530, graph loss = -0.004254, acc = 0.917083
2026-03-31 12:32:10,908 - INFO -   --> New best model saved: best.model  (train acc=0.9179, epoch=47)
2026-03-31 12:32:10,909 - INFO - [epoch 47]: epoch loss = 0.406790, progress loss = 0.013110, graph loss = -0.004375, acc = 0.917943
2026-03-31 12:32:14,782 - INFO -   --> New best model saved: best.model  (train acc=0.9273, epoch=48)
2026-03-31 12:32:14,783 - INFO - [epoch 48]: epoch loss = 0.390528, progress loss = 0.012770, graph loss = -0.004517, acc = 0.927330
2026-03-31 12:32:18,277 - INFO -   --> New best model saved: best.model  (train acc=0.9294, epoch=49)
2026-03-31 12:32:18,278 - INFO - [epoch 49]: epoch loss = 0.387342, progress loss = 0.012938, graph loss = -0.004657, acc = 0.929394
2026-03-31 12:32:22,238 - INFO -   --> New best model saved: best.model  (train acc=0.9357, epoch=50)
2026-03-31 12:32:22,239 - INFO - [epoch 50]: epoch loss = 0.375677, progress loss = 0.012577, graph loss = -0.004782, acc = 0.935684
2026-03-31 12:32:26,010 - INFO -   --> New best model saved: best.model  (train acc=0.9377, epoch=51)
2026-03-31 12:32:26,011 - INFO - [epoch 51]: epoch loss = 0.374996, progress loss = 0.012807, graph loss = -0.004952, acc = 0.937662
2026-03-31 12:32:29,684 - INFO - [epoch 52]: epoch loss = 0.375774, progress loss = 0.012360, graph loss = -0.005029, acc = 0.933559
2026-03-31 12:32:33,519 - INFO -   --> New best model saved: best.model  (train acc=0.9388, epoch=53)
2026-03-31 12:32:33,520 - INFO - [epoch 53]: epoch loss = 0.358742, progress loss = 0.012050, graph loss = -0.005181, acc = 0.938817
2026-03-31 12:32:37,054 - INFO -   --> New best model saved: best.model  (train acc=0.9458, epoch=54)
2026-03-31 12:32:37,055 - INFO - [epoch 54]: epoch loss = 0.353213, progress loss = 0.012080, graph loss = -0.005337, acc = 0.945783
2026-03-31 12:32:41,130 - INFO -   --> New best model saved: best.model  (train acc=0.9463, epoch=55)
2026-03-31 12:32:41,131 - INFO - [epoch 55]: epoch loss = 0.342958, progress loss = 0.011679, graph loss = -0.005475, acc = 0.946336
2026-03-31 12:32:44,133 - INFO -   --> New best model saved: best.model  (train acc=0.9477, epoch=56)
2026-03-31 12:32:44,134 - INFO - [epoch 56]: epoch loss = 0.342930, progress loss = 0.011983, graph loss = -0.005617, acc = 0.947699
2026-03-31 12:32:47,259 - INFO - [epoch 57]: epoch loss = 0.342718, progress loss = 0.011683, graph loss = -0.005739, acc = 0.945513
2026-03-31 12:32:50,660 - INFO - [epoch 58]: epoch loss = 0.345472, progress loss = 0.011525, graph loss = -0.005879, acc = 0.943915
2026-03-31 12:32:54,008 - INFO -   --> New best model saved: best.model  (train acc=0.9483, epoch=59)
2026-03-31 12:32:54,009 - INFO - [epoch 59]: epoch loss = 0.334401, progress loss = 0.011424, graph loss = -0.005989, acc = 0.948265
2026-03-31 12:32:57,415 - INFO -   --> New best model saved: best.model  (train acc=0.9537, epoch=60)
2026-03-31 12:32:57,416 - INFO - [epoch 60]: epoch loss = 0.328058, progress loss = 0.011548, graph loss = -0.006158, acc = 0.953683
2026-03-31 12:33:00,947 - INFO - [epoch 61]: epoch loss = 0.327782, progress loss = 0.011293, graph loss = -0.006233, acc = 0.949542
2026-03-31 12:33:04,788 - INFO -   --> New best model saved: best.model  (train acc=0.9542, epoch=62)
2026-03-31 12:33:04,789 - INFO - [epoch 62]: epoch loss = 0.317265, progress loss = 0.010913, graph loss = -0.006408, acc = 0.954236
2026-03-31 12:33:07,826 - INFO -   --> New best model saved: best.model  (train acc=0.9568, epoch=63)
2026-03-31 12:33:07,827 - INFO - [epoch 63]: epoch loss = 0.308802, progress loss = 0.010767, graph loss = -0.006524, acc = 0.956754
2026-03-31 12:33:11,028 - INFO - [epoch 64]: epoch loss = 0.313702, progress loss = 0.010855, graph loss = -0.006648, acc = 0.953879
2026-03-31 12:33:14,482 - INFO -   --> New best model saved: best.model  (train acc=0.9587, epoch=65)
2026-03-31 12:33:14,483 - INFO - [epoch 65]: epoch loss = 0.305440, progress loss = 0.010838, graph loss = -0.006811, acc = 0.958671
2026-03-31 12:33:17,738 - INFO - [epoch 66]: epoch loss = 0.303370, progress loss = 0.010541, graph loss = -0.006908, acc = 0.958056
2026-03-31 12:33:21,204 - INFO - [epoch 67]: epoch loss = 0.301104, progress loss = 0.010644, graph loss = -0.007074, acc = 0.956705
2026-03-31 12:33:24,930 - INFO -   --> New best model saved: best.model  (train acc=0.9601, epoch=68)
2026-03-31 12:33:24,931 - INFO - [epoch 68]: epoch loss = 0.299214, progress loss = 0.010734, graph loss = -0.007211, acc = 0.960108
2026-03-31 12:33:28,094 - INFO - [epoch 69]: epoch loss = 0.292109, progress loss = 0.010388, graph loss = -0.007351, acc = 0.959482
2026-03-31 12:33:31,751 - INFO -   --> New best model saved: best.model  (train acc=0.9606, epoch=70)
2026-03-31 12:33:31,753 - INFO - [epoch 70]: epoch loss = 0.288070, progress loss = 0.010383, graph loss = -0.007463, acc = 0.960636
